core handle=5404 from_user=167 doreti=2385 decrypt_fixups=0 debug_unhandled=0 mailbox=431 mailbox_fself=16 mailbox_fpkg=0 mailbox_npdrm=36 mailbox_unhandled=379
uelf_main entries=5404 trap_read_fail=0 jr_read_fail=0 trap_write_fail=0 gadget=4763 gadget_fail=0 gadget_elided=4763
kernel_ops dr_read=0 dr_write=4763 dr_chain=4763 dr_snap=0 dr_snap_skip=2382 cr0_read=36 cr0_write=0 cr0_read_clear=36 cr0_elided=36 cr0_ts_clear=36 cr0_chain_enter=36 cr0_defer_arm=0 cr0_fast_enter=36 cr0_fast_arm_fail=0 cr0_chain_fail=0 cr0_restore=0 msr_read=0 msr_write=0
decrypt_regs rax=0 rcx=0 rdx=0 rbx=0 rbp=0 rsi=0 rdi=0 r8=0 r9=0 r10=0 r11=0 r12=0 r13=0 r14=0 r15=0
decrypt_patterns rsi_only=0 rsi_multi=0 non_rsi_single=0 non_rsi_multi=0
dispatch kekcall=8 fself=6 fpkg=45 ioctl=2266 fix=65 fself_traps=6 fpkg_traps=0 fix_traps=25
ioctl_prefilter allowed=0 skipped=0 copy_fail_open=0
cycles handle_total=88199099 handle_max=88328 syscall_total=48292468 syscall_max=81258 decrypt_total=0 decrypt_max=0 fself_mb_total=56689 fself_mb_max=7825 fself_trap_total=26357 fself_trap_max=7968 fpkg_total=0 fpkg_max=0 npdrm_total=806561 npdrm_max=83076 xts_total=0 xts_max=0 v2p_total=2401568 v2p_max=4690 in_total=10367150 in_max=31803 out_total=2451162 out_max=2915
optimization_cycles main_total=95915526 main_max=96705 gadget_total=62126193 gadget_max=47038 scalar_in_total=3950576 scalar_in_max=7172 scalar_out_total=438870 scalar_out_max=1408 crypto_snap_total=0 crypto_snap_max=0 fpu_enter_total=602632 fpu_enter_avg=16739 fpu_enter_max=76675 fpu_exit_total=8162 fpu_exit_avg=226 fpu_exit_max=273 cr0_enter_total=268697 cr0_enter_avg=7463 cr0_enter_max=9618 cr0_exit_total=0 cr0_exit_avg=0 cr0_exit_max=0
fpu_state_cycles xcr0_init=5 xsave=0 xsavec=36 save_avg=149 save_max=498 restore_avg=172 restore_max=211
fself_cache hdr_hit=5 hdr_miss=17 ctx_hit=5 ctx_miss=11 parse_ok=0 parse_not=17 parse_fail=0 auth_load=0 auth_found=0
fself_mailbox verify=6 verify_emu=0 load_seg=5 load_seg_emu=0 dec1=5 dec1_emu=0 decn=0 decn_emu=0
fself_trap loadable2=6 loadable2_emu=0 watch=0 watch_emu=0 epilogue=0 epilogue_emu=0
fakekeys has_hit=0 has_miss=0 get_hit=0 get_miss=0 reg=0 unreg=0 derive=0 derive_ok=0 derive_fail=0
crypto req=0 emu=0 fallback=0 fail=0 msg=0 xts_msg=0 hmac_msg=0 other_msg=0 emu_msg=0 snap=0 snap_fail=0
xts req=0 sectors=0 run_msg=0 direct_runs=0 direct_sectors=0 fallback=0
cache_fpu hmac_hit=0 hmac_miss=0 xts_hit=0 xts_miss=0 hmac_req=0 hmac_bytes=0 fpu=36 fpu_exit=36 fpu_nested=0 fpu_fail=0 fpu_exit_fail=0
fpkg verify=0 verify_emu=0 clear=0 clear_emu=0
fpkg_rejects xts_non_fake=0 hmac_non_fake=0 hmac_shape=0 other=0 no_emu=0 fpu_fail=0
npdrm total=36 emu=36 cmd5=12 cmd6=24 debug_rif=36
npdrm_rejects bad_lr=379 copy_in=0 bad_cmd=0 bad_type=0 fpu_fail=0 bad_hash=0 bad_secret=0 copy_out=0
copy v2p=39330 v2p_fail=0 in=52458 in_bytes=2257374 in_fail=0 out=17790 out_bytes=3028772 out_fail=0 scalar_in=24601 scalar_out=4806
mapping_cache trap_hit=15642 trap_miss=5 trap_fallback=0 jr_hit=10162 jr_miss=5 jr_fallback=0 pcpu_hit=4925 pcpu_miss=5 pcpu_fallback=0 tss_hit=0 tss_miss=1 tss_fallback=0 wrmsr_hit=162 wrmsr_miss=5 wrmsr_fallback=0 cr0_enter_hook_hit=31 cr0_enter_hook_miss=5 cr0_enter_hook_fallback=0 cr0_exit_hook_hit=0 cr0_exit_hook_miss=0 cr0_exit_hook_fallback=0
cr0_hook_cycles enter_arm_avg=349 enter_arm_max=1336 exit_arm_avg=0 exit_arm_max=0
obs snapshots=4 log_word=0 log_msg=0 log_bytes=0
syscall[execve] id=59 armed=1 trap=0 emu=0
syscall[dynlib_load_prx] id=594 armed=5 trap=2 emu=0
syscall[nmount] id=378 armed=11 trap=0 emu=0
syscall[unmount] id=22 armed=34 trap=0 emu=0
syscall[ioctl] id=54 armed=2266 trap=39 emu=36
syscall[mprotect] id=74 armed=24 trap=24 emu=24
syscall[mdbg_call] id=573 armed=41 trap=0 emu=0
ioctl-com-meta cap=128 overflows=0 total=2266
ioctl-com[0] syscall_id=54 com=0x00000000c0204e0e dir=INOUT len=32 group=0x4e num=0x0e total=24 emu=24 cmd5=0 cmd6=24 pct=1.059% conv=100.000%
ioctl-com[1] syscall_id=54 com=0x00000000c0204e0d dir=INOUT len=32 group=0x4e num=0x0d total=12 emu=12 cmd5=12 cmd6=0 pct=0.530% conv=100.000%
